// Jest Snapshot v1, https://goo.gl/fbAQLP

exports[`Header component renders correctly 1`] = `
<div
  className="sc-ifAKCX eOkYMq"
>
  <div
    className="sc-bdVaJa GvrJR"
  >
    <div
      className="sc-bxivhb kkzDWN"
    >
      <h2
        className="sc-bwzfXH bEEfkL"
      >
        Blue
        <small>
          Finance
        </small>
      </h2>
      <a
        href="/login"
        onClick={[Function]}
      >
        <button
          className="sc-htpNat eTUrZC"
        >
          Sair
        </button>
      </a>
    </div>
  </div>
</div>
`;
